
  .   ____          _            __ _ _
 /\\ / ___'_ __ _ _(_)_ __  __ _ \ \ \ \
( ( )\___ | '_ | '_| | '_ \/ _` | \ \ \ \
 \\/  ___)| |_)| | | | | || (_| |  ) ) ) )
  '  |____| .__|_| |_|_| |_\__, | / / / /
 =========|_|==============|___/=/_/_/_/
 :: Spring Boot ::                (v3.2.4)

2026-05-29T11:57:01.386+07:00  INFO 18080 --- [nhom5] [           main] c.dienmay.entity.nhom5.Nhom5Application  : Starting Nhom5Application v1.0.0 using Java 25.0.2 with PID 18080 (D:\Java\Java_web\DOAN\nhom5\target\dien-may-backend-1.0.0.jar started by laptop in D:\Java\Java_web\DOAN\nhom5)
2026-05-29T11:57:01.390+07:00 DEBUG 18080 --- [nhom5] [           main] c.dienmay.entity.nhom5.Nhom5Application  : Running with Spring Boot v3.2.4, Spring v6.1.5
2026-05-29T11:57:01.391+07:00  INFO 18080 --- [nhom5] [           main] c.dienmay.entity.nhom5.Nhom5Application  : The following 1 profile is active: "dev"
2026-05-29T11:57:03.211+07:00  INFO 18080 --- [nhom5] [           main] .s.d.r.c.RepositoryConfigurationDelegate : Bootstrapping Spring Data JPA repositories in DEFAULT mode.
2026-05-29T11:57:03.452+07:00  INFO 18080 --- [nhom5] [           main] .s.d.r.c.RepositoryConfigurationDelegate : Finished Spring Data repository scanning in 218 ms. Found 15 JPA repository interfaces.
2026-05-29T11:57:04.761+07:00  INFO 18080 --- [nhom5] [           main] o.s.b.w.embedded.tomcat.TomcatWebServer  : Tomcat initialized with port 8080 (http)
2026-05-29T11:57:04.783+07:00  INFO 18080 --- [nhom5] [           main] o.apache.catalina.core.StandardService   : Starting service [Tomcat]
2026-05-29T11:57:04.784+07:00  INFO 18080 --- [nhom5] [           main] o.apache.catalina.core.StandardEngine    : Starting Servlet engine: [Apache Tomcat/10.1.19]
2026-05-29T11:57:04.846+07:00  INFO 18080 --- [nhom5] [           main] o.a.c.c.C.[Tomcat].[localhost].[/]       : Initializing Spring embedded WebApplicationContext
2026-05-29T11:57:04.848+07:00  INFO 18080 --- [nhom5] [           main] w.s.c.ServletWebServerApplicationContext : Root WebApplicationContext: initialization completed in 3318 ms
2026-05-29T11:57:05.103+07:00  INFO 18080 --- [nhom5] [           main] o.hibernate.jpa.internal.util.LogHelper  : HHH000204: Processing PersistenceUnitInfo [name: default]
2026-05-29T11:57:05.254+07:00  INFO 18080 --- [nhom5] [           main] org.hibernate.Version                    : HHH000412: Hibernate ORM core version 6.4.4.Final
2026-05-29T11:57:05.386+07:00  INFO 18080 --- [nhom5] [           main] o.h.c.internal.RegionFactoryInitiator    : HHH000026: Second-level cache disabled
2026-05-29T11:57:05.982+07:00  INFO 18080 --- [nhom5] [           main] o.s.o.j.p.SpringPersistenceUnitInfo      : No LoadTimeWeaver setup: ignoring JPA class transformer
2026-05-29T11:57:06.079+07:00  INFO 18080 --- [nhom5] [           main] com.zaxxer.hikari.HikariDataSource       : HikariPool-1 - Starting...
2026-05-29T11:57:06.377+07:00  INFO 18080 --- [nhom5] [           main] com.zaxxer.hikari.pool.HikariPool        : HikariPool-1 - Added connection org.sqlite.jdbc4.JDBC4Connection@3c07e830
2026-05-29T11:57:06.381+07:00  INFO 18080 --- [nhom5] [           main] com.zaxxer.hikari.HikariDataSource       : HikariPool-1 - Start completed.
2026-05-29T11:57:09.349+07:00  INFO 18080 --- [nhom5] [           main] o.h.e.t.j.p.i.JtaPlatformInitiator       : HHH000489: No JTA platform available (set 'hibernate.transaction.jta.platform' to enable JTA platform integration)
Hibernate: 
    alter table cart_items 
       drop constraint uq_cart
Hibernate: 
    alter table reviews 
       drop constraint uq_review
2026-05-29T11:57:09.475+07:00  INFO 18080 --- [nhom5] [           main] j.LocalContainerEntityManagerFactoryBean : Initialized JPA EntityManagerFactory for persistence unit 'default'
2026-05-29T11:57:10.513+07:00 DEBUG 18080 --- [nhom5] [           main] c.d.e.n.security.FirebaseTokenFilter     : Filter 'firebaseTokenFilter' configured for use
2026-05-29T11:57:10.809+07:00  INFO 18080 --- [nhom5] [           main] o.s.d.j.r.query.QueryEnhancerFactory     : Hibernate is in classpath; If applicable, HQL parser will be used.
2026-05-29T11:57:11.820+07:00  INFO 18080 --- [nhom5] [           main] c.d.entity.nhom5.config.FirebaseConfig   : Đang load service account từ: classpath:cuahangdienmay-9e28c-firebase-adminsdk-fbsvc-34dc57014a.json
2026-05-29T11:57:12.507+07:00  INFO 18080 --- [nhom5] [           main] c.d.entity.nhom5.config.FirebaseConfig   : Đã khởi tạo Firebase Admin SDK
2026-05-29T11:57:13.492+07:00  WARN 18080 --- [nhom5] [           main] JpaBaseConfiguration$JpaWebConfiguration : spring.jpa.open-in-view is enabled by default. Therefore, database queries may be performed during view rendering. Explicitly configure spring.jpa.open-in-view to disable this warning
2026-05-29T11:57:13.538+07:00  WARN 18080 --- [nhom5] [           main] .s.s.UserDetailsServiceAutoConfiguration : 

Using generated security password: 2e5269a1-479a-4a56-9cde-9459fa329e47

This generated password is for development use only. Your security configuration must be updated before running your application in production.

2026-05-29T11:57:14.136+07:00  INFO 18080 --- [nhom5] [           main] o.s.s.web.DefaultSecurityFilterChain     : Will secure any request with [org.springframework.security.web.session.DisableEncodeUrlFilter@71def98b, org.springframework.security.web.context.request.async.WebAsyncManagerIntegrationFilter@3d352fb4, org.springframework.security.web.context.SecurityContextHolderFilter@41efbd29, org.springframework.security.web.header.HeaderWriterFilter@557b62fc, org.springframework.security.web.authentication.logout.LogoutFilter@49308df2, com.dienmay.entity.nhom5.security.FirebaseTokenFilter@7f33ad20, org.springframework.security.web.savedrequest.RequestCacheAwareFilter@63c5b63a, org.springframework.security.web.servletapi.SecurityContextHolderAwareRequestFilter@1ad66c9d, org.springframework.security.web.authentication.AnonymousAuthenticationFilter@4ba2507f, org.springframework.security.web.session.SessionManagementFilter@4418ef84, org.springframework.security.web.access.ExceptionTranslationFilter@65dfb9ed, org.springframework.security.web.access.intercept.AuthorizationFilter@2d1c376b]
2026-05-29T11:57:14.821+07:00  INFO 18080 --- [nhom5] [           main] o.s.b.w.embedded.tomcat.TomcatWebServer  : Tomcat started on port 8080 (http) with context path ''
2026-05-29T11:57:14.863+07:00  INFO 18080 --- [nhom5] [           main] c.dienmay.entity.nhom5.Nhom5Application  : Started Nhom5Application in 14.232 seconds (process running for 15.046)
Hibernate: 
    select
        count(*) 
    from
        brands b1_0
2026-05-29T11:57:15.036+07:00  INFO 18080 --- [nhom5] [           main] c.d.entity.nhom5.config.DataSeeder       : Skip seeding: dữ liệu đã tồn tại
